<?xml version="1.0" encoding="UTF-8"?>
<TestRun id="467cc58e-ca72-4e0d-9da8-6e1fb5bcd5e4" name="Stephen@PRO3 2018-01-05 19:30:52" runUser="PRO3\Stephen" xmlns="http://microsoft.com/schemas/VisualStudio/TeamTest/2010">
  <TestSettings name="Default Test Settings" id="cc6ba56e-e387-4361-82d3-4740cbff21af">
    <Execution>
      <TestTypeSpecific />
      <AgentRule name="Execution Agents">
      </AgentRule>
    </Execution>
    <Deployment runDeploymentRoot="Stephen_PRO3 2018-01-05 19_30_52" />
    <Properties />
  </TestSettings>
  <Times creation="2018-01-05T19:30:52.5544218-05:00" queuing="2018-01-05T19:30:52.9555083-05:00" start="2018-01-05T19:30:53.1026490-05:00" finish="2018-01-05T19:30:53.6485178-05:00" />
  <ResultSummary outcome="Completed">
    <Counters total="1" executed="1" passed="1" error="0" failed="0" timeout="0" aborted="0" inconclusive="0" passedButRunAborted="0" notRunnable="0" notExecuted="0" disconnected="0" warning="0" completed="0" inProgress="0" pending="0" />
  </ResultSummary>
  <TestDefinitions>
    <UnitTest name="writeTest" storage="kata_pentests\bin\debug\kata_pentests.dll" id="fbe33f98-b47d-6b1b-f23b-d2fb8504e037">
      <Execution id="b062fd3c-db3b-449c-9329-7f676576942a" />
      <TestMethod codeBase="C:/Users/Stephen/source/repos/kata_pen/kata_penTests/bin/debug/kata_penTests.DLL" adapterTypeName="Microsoft.VisualStudio.TestTools.TestTypes.Unit.UnitTestAdapter, Microsoft.VisualStudio.QualityTools.Tips.UnitTest.Adapter, Version=15.0.0.0, Culture=neutral, PublicKeyToken=b03f5f7f11d50a3a" className="kata_pen.Tests.PencilTests, kata_penTests, Version=1.0.0.0, Culture=neutral, PublicKeyToken=null" name="writeTest" />
    </UnitTest>
  </TestDefinitions>
  <TestLists>
    <TestList name="Results Not in a List" id="8c84fa94-04c1-424b-9868-57a2d4851a1d" />
    <TestList name="All Loaded Results" id="19431567-8539-422a-85d7-44ee4e166bda" />
  </TestLists>
  <TestEntries>
    <TestEntry testId="fbe33f98-b47d-6b1b-f23b-d2fb8504e037" executionId="b062fd3c-db3b-449c-9329-7f676576942a" testListId="8c84fa94-04c1-424b-9868-57a2d4851a1d" />
  </TestEntries>
  <Results>
    <UnitTestResult executionId="b062fd3c-db3b-449c-9329-7f676576942a" testId="fbe33f98-b47d-6b1b-f23b-d2fb8504e037" testName="writeTest" computerName="PRO3" duration="00:00:00.0279146" startTime="2018-01-05T19:30:53.2029269-05:00" endTime="2018-01-05T19:30:53.5871158-05:00" testType="13cdc9d9-ddb5-4fa4-a97d-d965ccfc6d4b" outcome="Passed" testListId="8c84fa94-04c1-424b-9868-57a2d4851a1d" relativeResultsDirectory="b062fd3c-db3b-449c-9329-7f676576942a">
    </UnitTestResult>
  </Results>
</TestRun>